// Jest Snapshot v1, https://goo.gl/fbAQLP

exports[`editor should create Product 1`] = `
Object {
  "asFragment": [Function],
  "baseElement": <body>
    <div>
      <div
        class="product"
      >
        <div
          class="product__image"
        >
          <a
            href="/catalog/1"
          >
            <img
              alt=""
              src=""
            />
          </a>
        </div>
        <div
          class="product__wrapper"
        >
          <div
            class="product__size"
          >
            <img
              alt=""
              src=""
            />
            <div
              class="size__value"
            >
              22
               
              г
            </div>
          </div>
          <div
            class="product__name"
          >
            <span
              class="name__title"
            >
              <b>
                AOS
              </b>
            </span>
             
            AOS
          </div>
          <div
            class="product__barcode"
          >
            <span
              class="description"
            >
              Штрихкод:
            </span>
             1231314
          </div>
          <div
            class="product__manufacturer"
          >
            <span
              class="description"
            >
              Производитель:
            </span>
             AOS
          </div>
          <div
            class="product__brand"
          >
            <span
              class="description"
            >
              Бренд:
            </span>
             AOS
          </div>
          <div
            class="product__actions"
          >
            <div
              class="actions__price"
            >
              100
               ₸
            </div>
            <div
              class="actions__button"
              data-testid="cart"
            >
              <div
                class="button__description"
              >
                В корзину
              </div>
              <img
                alt=""
                src=""
              />
            </div>
            <img
              alt=""
              class="actions__edit"
              data-testid="editor"
              src=""
            />
          </div>
        </div>
      </div>
    </div>
  </body>,
  "container": <div>
    <div
      class="product"
    >
      <div
        class="product__image"
      >
        <a
          href="/catalog/1"
        >
          <img
            alt=""
            src=""
          />
        </a>
      </div>
      <div
        class="product__wrapper"
      >
        <div
          class="product__size"
        >
          <img
            alt=""
            src=""
          />
          <div
            class="size__value"
          >
            22
             
            г
          </div>
        </div>
        <div
          class="product__name"
        >
          <span
            class="name__title"
          >
            <b>
              AOS
            </b>
          </span>
           
          AOS
        </div>
        <div
          class="product__barcode"
        >
          <span
            class="description"
          >
            Штрихкод:
          </span>
           1231314
        </div>
        <div
          class="product__manufacturer"
        >
          <span
            class="description"
          >
            Производитель:
          </span>
           AOS
        </div>
        <div
          class="product__brand"
        >
          <span
            class="description"
          >
            Бренд:
          </span>
           AOS
        </div>
        <div
          class="product__actions"
        >
          <div
            class="actions__price"
          >
            100
             ₸
          </div>
          <div
            class="actions__button"
            data-testid="cart"
          >
            <div
              class="button__description"
            >
              В корзину
            </div>
            <img
              alt=""
              src=""
            />
          </div>
          <img
            alt=""
            class="actions__edit"
            data-testid="editor"
            src=""
          />
        </div>
      </div>
    </div>
  </div>,
  "debug": [Function],
  "findAllByAltText": [Function],
  "findAllByDisplayValue": [Function],
  "findAllByLabelText": [Function],
  "findAllByPlaceholderText": [Function],
  "findAllByRole": [Function],
  "findAllByTestId": [Function],
  "findAllByText": [Function],
  "findAllByTitle": [Function],
  "findByAltText": [Function],
  "findByDisplayValue": [Function],
  "findByLabelText": [Function],
  "findByPlaceholderText": [Function],
  "findByRole": [Function],
  "findByTestId": [Function],
  "findByText": [Function],
  "findByTitle": [Function],
  "getAllByAltText": [Function],
  "getAllByDisplayValue": [Function],
  "getAllByLabelText": [Function],
  "getAllByPlaceholderText": [Function],
  "getAllByRole": [Function],
  "getAllByTestId": [Function],
  "getAllByText": [Function],
  "getAllByTitle": [Function],
  "getByAltText": [Function],
  "getByDisplayValue": [Function],
  "getByLabelText": [Function],
  "getByPlaceholderText": [Function],
  "getByRole": [Function],
  "getByTestId": [Function],
  "getByText": [Function],
  "getByTitle": [Function],
  "queryAllByAltText": [Function],
  "queryAllByDisplayValue": [Function],
  "queryAllByLabelText": [Function],
  "queryAllByPlaceholderText": [Function],
  "queryAllByRole": [Function],
  "queryAllByTestId": [Function],
  "queryAllByText": [Function],
  "queryAllByTitle": [Function],
  "queryByAltText": [Function],
  "queryByDisplayValue": [Function],
  "queryByLabelText": [Function],
  "queryByPlaceholderText": [Function],
  "queryByRole": [Function],
  "queryByTestId": [Function],
  "queryByText": [Function],
  "queryByTitle": [Function],
  "rerender": [Function],
  "unmount": [Function],
}
`;
